[demo.cocobasic.com/seppo-html/index04b9.html]
[backblue.gif]
[fade.gif]
[index.html]
[demo.cocobasic.com/seppo-html/images/favicon.ico]
[demo.cocobasic.com/seppo-html/style.css]
[demo.cocobasic.com/seppo-html/images/preloader.gif]
[demo.cocobasic.com/seppo-html/index.html]
[demo.cocobasic.com/seppo-html/images/logo.png]
[demo.cocobasic.com/seppo-html/images/about_01.jpg]
[demo.cocobasic.com/seppo-html/images/quote_image_03.jpg]
[demo.cocobasic.com/seppo-html/images/quote_image_04.jpg]
[demo.cocobasic.com/seppo-html/images/quote_image_02.jpg]
[demo.cocobasic.com/seppo-html/single.html]
[demo.cocobasic.com/seppo-html/blog.html]
[demo.cocobasic.com/seppo-html/portfolio-1.html]
[demo.cocobasic.com/seppo-html/images/portfolio_item_01.jpg]
[demo.cocobasic.com/seppo-html/portfolio-2.html]
[demo.cocobasic.com/seppo-html/images/portfolio_item_02.jpg]
[demo.cocobasic.com/seppo-html/portfolio-3.html]
[demo.cocobasic.com/seppo-html/images/portfolio_item_03.jpg]
[demo.cocobasic.com/seppo-html/portfolio-4.html]
[demo.cocobasic.com/seppo-html/images/portfolio_item_04.jpg]
[demo.cocobasic.com/seppo-html/images/about_item_01.jpg]
[demo.cocobasic.com/seppo-html/images/about_item_02.jpg]
[demo.cocobasic.com/seppo-html/images/about_item_03.jpg]
[demo.cocobasic.com/seppo-html/images/footer_logo.png]
[demo.cocobasic.com/cdn-cgi/scripts/5c5dd728/cloudflare-static/email-decode.min.js]
[demo.cocobasic.com/seppo-html/js/jquery.js]
[demo.cocobasic.com/seppo-html/js/jquery.sticky.js]
[demo.cocobasic.com/seppo-html/js/tipper.js]
[demo.cocobasic.com/seppo-html/js/jarallax.js]
[demo.cocobasic.com/seppo-html/js/jarallax-element.min.js]
[demo.cocobasic.com/seppo-html/js/imagesloaded.pkgd.js]
[demo.cocobasic.com/seppo-html/js/jquery.fitvids.js]
[demo.cocobasic.com/seppo-html/js/jquery.smartmenus.min.js]
[demo.cocobasic.com/seppo-html/js/isotope.pkgd.js]
[demo.cocobasic.com/seppo-html/js/owl.carousel.min.js]
[demo.cocobasic.com/seppo-html/js/jquery.sticky-kit.min.js]
[demo.cocobasic.com/seppo-html/index04b9.html]
[demo.cocobasic.com/seppo-html/js/main.js]
[demo.cocobasic.com/seppo-html/css/clear.css]
[demo.cocobasic.com/seppo-html/css/font-awesome.min.css]
[demo.cocobasic.com/seppo-html/css/sm-clean.css]
[demo.cocobasic.com/seppo-html/css/owl.carousel.min.css]
[demo.cocobasic.com/seppo-html/css/owl.theme.default.min.css]
[demo.cocobasic.com/seppo-html/css/common.css]
[demo.cocobasic.com/seppo-html/images/quotes_image.png]
[demo.cocobasic.com/seppo-html/images/nav_left.png]
[demo.cocobasic.com/seppo-html/images/nav_right.png]
[demo.cocobasic.com/seppo-html/images/hero_image_01.jpg]
[demo.cocobasic.com/seppo-html/images/on_black_left.png]
[demo.cocobasic.com/seppo-html/images/on_white_right.png]
[demo.cocobasic.com/seppo-html/images/quote_image_01.jpg]
[demo.cocobasic.com/seppo-html/images/on_white_left.png]
[demo.cocobasic.com/seppo-html/images/close-left-arrow.png]
[demo.cocobasic.com/seppo-html/style.css]
[demo.cocobasic.com/seppo-html/index.html]
[demo.cocobasic.com/seppo-html/images/post_slide_02.jpg]
[demo.cocobasic.com/seppo-html/single.html]
[demo.cocobasic.com/seppo-html/images/blog_img_01.jpg]
[demo.cocobasic.com/seppo-html/images/blog_img_02.jpg]
[demo.cocobasic.com/seppo-html/images/blog_img_03.jpg]
[demo.cocobasic.com/seppo-html/blog.html]
[demo.cocobasic.com/seppo-html/images/slider_01.jpg]
[demo.cocobasic.com/seppo-html/images/slider_03.jpg]
[demo.cocobasic.com/seppo-html/images/slider_04.jpg]
[demo.cocobasic.com/seppo-html/portfolio-1.html]
[demo.cocobasic.com/seppo-html/images/item_img_03.jpg]
[demo.cocobasic.com/seppo-html/images/item_img_03b.jpg]
[demo.cocobasic.com/seppo-html/images/item_img_03c.jpg]
[demo.cocobasic.com/seppo-html/portfolio-2.html]
[demo.cocobasic.com/seppo-html/images/image_13.jpg]
[demo.cocobasic.com/seppo-html/images/image_09.jpg]
[demo.cocobasic.com/seppo-html/images/blog_img_04.jpg]
[demo.cocobasic.com/seppo-html/portfolio-3.html]
[demo.cocobasic.com/seppo-html/images/item_img_02.jpg]
[demo.cocobasic.com/seppo-html/images/item_img_02b.jpg]
[demo.cocobasic.com/seppo-html/images/item_img_02c.jpg]
[demo.cocobasic.com/seppo-html/portfolio-4.html]
[demo.cocobasic.com/seppo-html/css/clear.css]
[demo.cocobasic.com/seppo-html/fonts/fontawesome-webfont3e6e.eot]
[demo.cocobasic.com/seppo-html/fonts/fontawesome-webfontd41d.eot]
[demo.cocobasic.com/seppo-html/fonts/fontawesome-webfont3e6e.woff2]
[demo.cocobasic.com/seppo-html/fonts/fontawesome-webfont3e6e.woff]
[demo.cocobasic.com/seppo-html/fonts/fontawesome-webfont3e6e.ttf]
[demo.cocobasic.com/seppo-html/css/font-awesome.min.css]
[demo.cocobasic.com/seppo-html/css/sm-clean.css]
[demo.cocobasic.com/seppo-html/fonts/fontawesome-webfont3e6e.svg]
[demo.cocobasic.com/seppo-html/css/owl.video.play.png]
[demo.cocobasic.com/seppo-html/css/owl.carousel.min.css]
[demo.cocobasic.com/seppo-html/css/owl.theme.default.min.css]
[demo.cocobasic.com/seppo-html/css/common.css]
[demo.cocobasic.com/seppo-html/fonts/fontawesome-webfont3e6e.svg]
[demo.cocobasic.com/seppo-html/css/owl.video.play.html]
